<html>
<body>
<pre>
<h1>礦ision Build Log</h1>
<h2>Tool Versions:</h2>
IDE-Version: μVision V5.27.0.0
Copyright (C) 2018 ARM Ltd and ARM Germany GmbH. All rights reserved.
License Information: Harry Harry, SYNOXO, LIC=AK1VE-5312Z-ZB9EA-1Z1HD-5FI8W-4HI2B
 
Tool Versions:
Toolchain:       MDK-ARM Professional  Version: 5.27.0.0
Toolchain Path:  D:\Keil_v5\ARM\ARMCLANG\Bin
C Compiler:      ArmClang.exe V6.11
Assembler:       Armasm.exe V6.11
Linker/Locator:  ArmLink.exe V6.11
Library Manager: ArmAr.exe V6.11
Hex Converter:   FromElf.exe V6.11
CPU DLL:         SARMCM3.DLL V5.27.0.0
Dialog DLL:      DCM.DLL V1.17.2.0
Target DLL:      Segger\JL2CM3.dll V2.99.34.0
Dialog DLL:      TCM.DLL V1.36.1.0
 
<h2>Project:</h2>
J:\STM32_MCU\STM32F103\STM32F103VGT6Project\STM32F103VGT6Project\MDKARM\STM32F103VGT6Project.uvprojx
Project File Date:  01/19/2019

<h2>Output:</h2>
*** Using Compiler 'V6.11', folder: 'D:\Keil_v5\ARM\ARMCLANG\Bin'
Rebuild target 'STM32F103VGT6Project'
compiling complier_cfg.c...
compiling complier_lib.c...
compiling stm32f1xx_it.c...
compiling stm32_cfg.c...
compiling system_stm32f1xx.c...
compiling stm32f1xx_ll_utils.c...
compiling stm32f1xx_hal.c...
compiling stm32f1xx_ll_rcc.c...
compiling stm32f1xx_ll_usart.c...
compiling stm32f1xx_ll_gpio.c...
compiling stm32f1xx_ll_pwr.c...
compiling stm32f1xx_ll_sdmmc.c...
compiling stm32f1xx_ll_spi.c...
compiling stm32f1xx_ll_dma.c...
compiling stm32f1xx_ll_adc.c...
compiling stm32f1xx_ll_crc.c...
compiling stm32f1xx_ll_rtc.c...
compiling stm32f1xx_ll_tim.c...
compiling stm32f1xx_hal_cortex.c...
compiling stm32f1xx_ll_exti.c...
assembling startup_stm32f103xg.s...
compiling stm32f1xx_ll_i2c.c...
compiling ad5593_cfg.c...
compiling ad5593_lib.c...
compiling ad5593_task.c...
compiling adc_cfg.c...
compiling adc_lib.c...
compiling adc_task.c...
compiling ads1256_cfg.c...
compiling ads1256_lib.c...
compiling ads1256_task.c...
compiling ads8688_cfg.c...
compiling ads8688_lib.c...
compiling ads8688_task.c...
compiling main.c...
compiling at24cxx_cfg.c...
compiling at24cxx_lib.c...
compiling at24cxx_task.c...
compiling bkp_cfg.c...
compiling bkp_lib.c...
compiling bkp_task.c...
compiling crc_cfg.c...
compiling crc_lib.c...
compiling crc_task.c...
compiling css_cfg.c...
compiling css_lib.c...
compiling css_task.c...
compiling decode_cfg.c...
compiling decode_lib.c...
compiling decode_task.c...
compiling delay_cfg.c...
compiling delay_lib.c...
compiling delay_task.c...
compiling dht11_lib.c...
compiling dht11_cfg.c...
compiling ds1302_cfg.c...
compiling dht11_task.c...
compiling ds1302_lib.c...
compiling ds1302_task.c...
compiling ds18b20_cfg.c...
compiling ds18b20_lib.c...
compiling ds18b20_task.c...
compiling eeprom_cfg.c...
compiling eeprom_lib.c...
compiling eeprom_task.c...
compiling enc28j60_cfg.c...
compiling enc28j60_lib.c...
compiling enc28j60_task.c...
compiling flash_cfg.c...
compiling flash_task.c...
compiling flash_lib.c...
compiling gpio_cfg.c...
compiling gpio_lib.c...
compiling hmc830_cfg.c...
compiling gpio_task.c...
compiling hmc830_task.c...
compiling hmc830_lib.c...
compiling i2c_cfg.c...
compiling i2c_lib.c...
compiling iap_cfg.c...
compiling i2c_task.c...
compiling iap_lib.c...
compiling iap_task.c...
compiling isp_lib.c...
compiling isp_cfg.c...
compiling iwdg_cfg.c...
compiling isp_task.c...
compiling iwdg_task.c...
compiling iwdg_lib.c...
compiling key_lib.c...
compiling key_cfg.c...
compiling lcd1602_cfg.c...
compiling key_task.c...
compiling lcd1602_lib.c...
compiling lcd1602_task.c...
compiling led_cfg.c...
compiling led_lib.c...
compiling nrf2401_cfg.c...
compiling led_task.c...
compiling nrf2401_lib.c...
compiling nrf2401_task.c...
compiling oled_cfg.c...
compiling oled_lib.c...
compiling oled_task.c...
compiling one_wire_cfg.c...
compiling one_wire_lib.c...
compiling one_wire_task.c...
compiling pcf8563_lib.c...
compiling pcf8563_cfg.c...
compiling pcf8563_task.c...
compiling pid_cfg.c...
compiling pid_task.c...
compiling pid_lib.c...
compiling power_cfg.c...
compiling power_lib.c...
compiling random_cfg.c...
compiling power_task.c...
compiling random_task.c...
compiling random_lib.c...
compiling rfask_lib.c...
compiling rfask_cfg.c...
compiling rfaskhw_cfg.c...
../Application/RFASK/rfask_task.c(1835): warning: illegal character encoding in string literal [-Winvalid-source-encoding]
                        USART_Printf(USARTx, "=>><B4><AE><BF><DA>%d:<B7><A2><C9><FA>CRC校<D1><E9><B4><ED><CE><F3><<=\r\n", ( USARTx->msgIndex - 1 ));
                                                 ^~~~~~~~~~~~~~~~   ~~~~~~~~~~~~~~~~    ~~~~~~~~~~~~~~~~~~~~~~~~
1 warning generated.
compiling rfask_task.c...
compiling rtc_cfg.c...
compiling rtc_lib.c...
compiling rtc_task.c...
compiling sht2x_lib.c...
compiling sht2x_cfg.c...
compiling sht2x_task.c...
compiling spi_cfg.c...
compiling spi_task.c...
compiling spi_lib.c...
compiling systick_lib.c...
compiling systick_cfg.c...
compiling systick_task.c...
compiling timer_cfg.c...
compiling timer_lib.c...
compiling timer_task.c...
compiling usart_lib.c...
../Application/USART/usart_cfg.c(380): warning: illegal character encoding in string literal [-Winvalid-source-encoding]
                                USART_Printf(USARTx, "=>><BD><D3><CA>沾<AE><BF><DA>%d<B7><A2><C9><FA><B3><AC>时<B4><ED><CE><F3>!<<=\r\n", ( USARTx->msgIndex - 1 ));
                                                         ^~~~~~~~~~~~ ~~~~~~~~~~~~  ~~~~~~~~~~~~~~~~~~~~~~~~ ~~~~~~~~~~~~~~~~
../Application/USART/usart_cfg.c(403): warning: illegal character encoding in string literal [-Winvalid-source-encoding]
                                USART_Printf(USARTx, "=>><B7><A2><CB>痛<AE><BF><DA>%d<B7><A2><C9><FA><B3><AC>时<B4><ED><CE><F3>!<<=\r\n", ( USARTx->msgIndex - 1 ));
                                                         ^~~~~~~~~~~~ ~~~~~~~~~~~~  ~~~~~~~~~~~~~~~~~~~~~~~~ ~~~~~~~~~~~~~~~~
../Application/USART/usart_cfg.c(1904): warning: illegal character encoding in string literal [-Winvalid-source-encoding]
        USART_Printf(USARTx, "=>><B4><AE><BF><DA>1<B5>某<F5>始<BB><AF><<=\r\n");
                                 ^~~~~~~~~~~~~~~~ ~~~~ ~~~~ ~~~~~~~~
3 warnings generated.
compiling usart_cfg.c...
../Application/USART/usart_task.c(376): warning: illegal character encoding in string literal [-Winvalid-source-encoding]
                                USART_Printf(USARTx, "=>><B4><AE><BF><DA>%d:<B7><A2><C9><FA>CRC校<D1><E9><B4><ED><CE><F3><<=\r\n", ( USARTx->msgIndex - 1 ));
                                                         ^~~~~~~~~~~~~~~~   ~~~~~~~~~~~~~~~~    ~~~~~~~~~~~~~~~~~~~~~~~~
1 warning generated.
compiling usart_task.c...
compiling usart_dma_lib.c...
compiling usart_dma_cfg.c...
compiling usart_dma_task.c...
compiling w25qxx_lib.c...
compiling w25qxx_cfg.c...
compiling w25qxx_task.c...
compiling wm8510_cfg.c...
compiling wm8510_lib.c...
compiling wm8510_task.c...
compiling wwdg_lib.c...
compiling wwdg_cfg.c...
compiling pvd_cfg.c...
compiling wwdg_task.c...
compiling pvd_lib.c...
compiling pvd_task.c...
linking...
Program Size: Code=62376 RO-data=1612 RW-data=68 ZI-data=11732  
FromELF: creating hex file...
"STM32F103VGT6Project\STM32F103VGT6Project.axf" - 0 Error(s), 5 Warning(s).

<h2>Software Packages used:</h2>

Package Vendor: ARM
                http://www.keil.com/pack/ARM.CMSIS.5.4.0.pack
                ARM.CMSIS.5.4.0
                CMSIS (Cortex Microcontroller Software Interface Standard)
   * Component: CORE Version: 5.1.2

Package Vendor: Keil
                http://www.keil.com/pack/Keil.STM32F1xx_DFP.2.3.0.pack
                Keil.STM32F1xx_DFP.2.3.0
                STMicroelectronics STM32F1 Series Device Support, Drivers and Examples

<h2>Collection of Component include folders:</h2>
  .\RTE\_STM32F103VGT6Project
  D:\Keil_v5\ARM\PACK\ARM\CMSIS\5.4.0\CMSIS\Core\Include
  D:\Keil_v5\ARM\PACK\Keil\STM32F1xx_DFP\2.3.0\Device\Include

<h2>Collection of Component Files used:</h2>

   * Component: ARM::CMSIS:CORE:5.1.2
Build Time Elapsed:  00:00:45
</pre>
</body>
</html>
